== mmseqs: /home/w24e/0amp/att-lstm-bert/tools/mmseqs/bin/mmseqs
== 复用索引: -rw-rw-r-- 1 w24e w24e 1906218289 Sep 23 16:02 results/group_specific_family/work/all.tsv
+ bash amp_pipeline/group_specific_analysis2.sh /home/w24e/c_AMPs-prediction/amp_results results/group_specific_family2
[2026-09-23 17:03:24] mmseqs: /home/w24e/0amp/att-lstm-bert/tools/mmseqs/bin/mmseqs
[2026-09-23 17:03:24]   唯一三票 AMP: 12665622
[2026-09-23 17:03:24] [A] 压缩比曲线: 每 64 条取 1 条 (约 197900 条)
[2026-09-23 17:03:56]     id=0.99 -> 395801 家族 / 197900 序列
[2026-09-23 17:04:16]     id=0.9 -> 395801 家族 / 197900 序列
[2026-09-23 17:04:36]     id=0.8 -> 395801 家族 / 197900 序列
[2026-09-23 17:04:58]     id=0.7 -> 395801 家族 / 197900 序列
[2026-09-23 17:05:18]     id=0.6 -> 395801 家族 / 197900 序列
[2026-09-23 17:05:18] [B] 最近邻同一性分析 ...
[2026-09-23 17:09:13]     onlyAD 采样 20000
[2026-09-23 17:09:13]     onlyNC 采样 20000
[2026-09-23 17:09:13]     both 采样 13007
query_set	target_set	n_with_hit	n_query	pct_with_hit(>=0.5)	median_fident	p90_fident	pct_ident>=0.9
both	both	5197	-	-	1.000	1.000	100.0
both	onlyAD	23	-	-	0.826	0.956	34.8
both	onlyNC	14	-	-	0.750	0.954	21.4
onlyAD	both	22	-	-	0.846	0.956	36.4
onlyAD	onlyAD	13388	-	-	1.000	1.000	100.0
onlyAD	onlyNC	53	-	-	0.800	0.944	20.8
onlyNC	both	20	-	-	0.750	0.954	20.0
onlyNC	onlyAD	52	-	-	0.800	0.944	17.3
onlyNC	onlyNC	12556	-	-	1.000	1.000	100.0

[2026-09-23 17:09:54] [C] 家族层面重叠 (FULL_ID=0.7) ...
[2026-09-23 17:09:54]   聚类 12665622 条 ...
